// Jest Snapshot v1, https://goo.gl/fbAQLP

exports[`Render footer correctly 1`] = `
<WithStyles(ForwardRef(Grid))
  className="makeStyles-footer-1"
  container={true}
  spacing={3}
>
  <WithStyles(ForwardRef(Grid))
    item={true}
    md={2}
    sm={false}
  />
  <WithStyles(ForwardRef(Grid))
    item={true}
    md={4}
    sm={12}
  >
    <WithStyles(ForwardRef(Typography))
      variant="h6"
    >
      Platforms
    </WithStyles(ForwardRef(Typography))>
    <ul>
      <li>
        <a
          href="https://www.facebook.com/COVID2019Infographics"
        >
          Facebook
        </a>
      </li>
      <li>
        <a
          href="https://twitter.com/19Infographics"
        >
          Twitter
        </a>
      </li>
      <li>
        <a
          href="https://www.instagram.com/covid19_infographics/"
        >
          Facebook
        </a>
      </li>
    </ul>
  </WithStyles(ForwardRef(Grid))>
  <WithStyles(ForwardRef(Grid))
    item={true}
    md={4}
    sm={12}
  >
    <WithStyles(ForwardRef(Typography))
      variant="h6"
    >
      Sources
    </WithStyles(ForwardRef(Typography))>
    <ul>
      <li>
        <a
          href="https://www.nice.org.uk/covid-19"
        >
          NICE
        </a>
      </li>
      <li>
        <a
          href="https://www.nhs.uk/conditions/coronavirus-covid-19/"
        >
          NHS
        </a>
      </li>
      <li>
        <a
          href="https://www.who.int/emergencies/diseases/novel-coronavirus-2019"
        >
          WHO
        </a>
      </li>
    </ul>
  </WithStyles(ForwardRef(Grid))>
  <WithStyles(ForwardRef(Grid))
    item={true}
    md={2}
    sm={false}
  />
  <WithStyles(ForwardRef(Grid))
    item={true}
    md={2}
    sm={false}
  />
  <WithStyles(ForwardRef(Grid))
    item={true}
    md={4}
    sm={12}
  >
    © 2020 Copyright
  </WithStyles(ForwardRef(Grid))>
  <WithStyles(ForwardRef(Grid))
    item={true}
    md={4}
    sm={12}
  >
    <a
      className="makeStyles-link-2"
      href="https://github.com/baizel/covidinfographics"
    >
      Source Code
    </a>
  </WithStyles(ForwardRef(Grid))>
</WithStyles(ForwardRef(Grid))>
`;
