// Jest Snapshot v1, https://goo.gl/fbAQLP

exports[`Should render the five pages correctly 1`] = `
<div>
  <WithStyles(ForwardRef(AppBar))
    className="makeStyles-appBar-6"
    position="static"
  >
    <WithStyles(ForwardRef(Toolbar))>
      <Hidden
        mdUp={true}
      >
        <WithStyles(ForwardRef(IconButton))
          aria-label="open drawer"
          className="makeStyles-menuButton-8"
          color="inherit"
          edge="start"
          onClick={[Function]}
        >
          <MenuIcon />
        </WithStyles(ForwardRef(IconButton))>
      </Hidden>
      <WithStyles(ForwardRef(Grid))
        container={true}
        spacing={3}
      >
        <WithStyles(ForwardRef(Grid))
          item={true}
          md={6}
        >
          <Hidden
            smDown={true}
          >
            <WithStyles(ForwardRef(Typography))
              noWrap={true}
              variant="h6"
            >
              MyNavBar
            </WithStyles(ForwardRef(Typography))>
          </Hidden>
          <Hidden
            mdUp={true}
          >
            <WithStyles(ForwardRef(Typography))
              noWrap={true}
              variant="h6"
            >
              CHIP
            </WithStyles(ForwardRef(Typography))>
          </Hidden>
        </WithStyles(ForwardRef(Grid))>
        <Hidden
          smDown={true}
        >
          <WithStyles(ForwardRef(Grid))
            md={6}
          >
            <WithStyles(ForwardRef(List))
              className="makeStyles-flexContainer-2"
            >
              <WithStyles(ForwardRef(ListItem))
                button={true}
                className="makeStyles-navContainer-3"
                key="home"
              >
                <LocalizedLink
                  className="makeStyles-navButton-4"
                  to="/"
                >
                  Home
                </LocalizedLink>
              </WithStyles(ForwardRef(ListItem))>
              <WithStyles(ForwardRef(ListItem))
                button={true}
                className="makeStyles-navContainer-3"
                key="about"
              >
                <LocalizedLink
                  className="makeStyles-navButton-4"
                  to="/about"
                >
                  About us
                </LocalizedLink>
              </WithStyles(ForwardRef(ListItem))>
              <WithStyles(ForwardRef(ListItem))
                button={true}
                className="makeStyles-navContainer-3"
                key="partners"
              >
                <LocalizedLink
                  className="makeStyles-navButton-4"
                  to="/partners"
                >
                  Partners
                </LocalizedLink>
              </WithStyles(ForwardRef(ListItem))>
              <WithStyles(ForwardRef(ListItem))
                button={true}
                className="makeStyles-navContainer-3"
                key="resources"
              >
                <LocalizedLink
                  className="makeStyles-navButton-4"
                  to="/resources"
                >
                  Resources
                </LocalizedLink>
              </WithStyles(ForwardRef(ListItem))>
              <WithStyles(ForwardRef(ListItem))
                button={true}
                className="makeStyles-navContainer-3"
                key="media"
              >
                <LocalizedLink
                  className="makeStyles-navButton-4"
                  to="/media"
                >
                  Media
                </LocalizedLink>
              </WithStyles(ForwardRef(ListItem))>
              <WithStyles(ForwardRef(ListItem))
                button={true}
                className="makeStyles-navContainer-3"
                key="involved"
              >
                <LocalizedLink
                  className="makeStyles-navButton-4"
                  to="/involved"
                >
                  Get Involved
                </LocalizedLink>
              </WithStyles(ForwardRef(ListItem))>
            </WithStyles(ForwardRef(List))>
          </WithStyles(ForwardRef(Grid))>
        </Hidden>
      </WithStyles(ForwardRef(Grid))>
    </WithStyles(ForwardRef(Toolbar))>
  </WithStyles(ForwardRef(AppBar))>
  <Hidden
    mdUp={true}
  >
    <ForwardRef(SwipeableDrawer)
      anchor="left"
      className="makeStyles-drawer-10"
      classes={
        Object {
          "paper": "makeStyles-drawerPaper-11",
        }
      }
      onClose={[Function]}
      onOpen={[Function]}
      open={false}
      variant="persistent"
    >
      <div
        className="makeStyles-drawerHeader-12"
      >
        <WithStyles(ForwardRef(IconButton))
          onClick={[Function]}
        >
          <ChevronLeftIcon />
        </WithStyles(ForwardRef(IconButton))>
      </div>
      <WithStyles(ForwardRef(Divider)) />
      <WithStyles(ForwardRef(List))>
        <WithStyles(ForwardRef(ListItem))
          button={true}
          className="makeStyles-navContainer-3"
          key="home"
        >
          <LocalizedLink
            className="makeStyles-navDrawerButton-5"
            to="/"
          >
            Home
          </LocalizedLink>
        </WithStyles(ForwardRef(ListItem))>
        <WithStyles(ForwardRef(ListItem))
          button={true}
          className="makeStyles-navContainer-3"
          key="about"
        >
          <LocalizedLink
            className="makeStyles-navDrawerButton-5"
            to="/about"
          >
            About us
          </LocalizedLink>
        </WithStyles(ForwardRef(ListItem))>
        <WithStyles(ForwardRef(ListItem))
          button={true}
          className="makeStyles-navContainer-3"
          key="partners"
        >
          <LocalizedLink
            className="makeStyles-navDrawerButton-5"
            to="/partners"
          >
            Partners
          </LocalizedLink>
        </WithStyles(ForwardRef(ListItem))>
        <WithStyles(ForwardRef(ListItem))
          button={true}
          className="makeStyles-navContainer-3"
          key="resources"
        >
          <LocalizedLink
            className="makeStyles-navDrawerButton-5"
            to="/resources"
          >
            Resources
          </LocalizedLink>
        </WithStyles(ForwardRef(ListItem))>
        <WithStyles(ForwardRef(ListItem))
          button={true}
          className="makeStyles-navContainer-3"
          key="media"
        >
          <LocalizedLink
            className="makeStyles-navDrawerButton-5"
            to="/media"
          >
            Media
          </LocalizedLink>
        </WithStyles(ForwardRef(ListItem))>
        <WithStyles(ForwardRef(ListItem))
          button={true}
          className="makeStyles-navContainer-3"
          key="involved"
        >
          <LocalizedLink
            className="makeStyles-navDrawerButton-5"
            to="/involved"
          >
            Get Involved
          </LocalizedLink>
        </WithStyles(ForwardRef(ListItem))>
      </WithStyles(ForwardRef(List))>
    </ForwardRef(SwipeableDrawer)>
  </Hidden>
</div>
`;
